error[E0080]: evaluation of `<bytemuck::cast::RcWeakT as bytemuck::cast::AssertClassContraints<[u8; 2], u16>>::ASSERT` failed
 --> $WORKSPACE/src/cast.rs
  |
  |     const ASSERT: () = assert!(
  |  ______________________^
  | |     Src::ALIGN == Dst::ALIGN,
  | |     "Attempted conversion between `rc::Weak` types with different alignments"
  | |   );
  | |___^ the evaluated program panicked at 'Attempted conversion between `rc::Weak` types with different alignments', $WORKSPACE/src/cast.rs:1319:22
  |
  = note: this error originates in the macro `$crate::panic::panic_2015` which comes from the expansion of the macro `panic` (in Nightly builds, run with -Z macro-backtrace for more info)

error[E0080]: evaluation of `<*const [u8; 2] as bytemuck::cast::CastRaw<*const u16>>::ASSERT` failed
 --> $WORKSPACE/src/cast.rs
  |
  | /     assert!(
  | |       align_of::<Src>() >= align_of::<Dst>(),
  | |       "Attempted conversion to a type with a stricter alignment"
  | |     );
  | |_____^ the evaluated program panicked at 'Attempted conversion to a type with a stricter alignment', $WORKSPACE/src/cast.rs:824:5
  |
  = note: this error originates in the macro `$crate::panic::panic_2015` which comes from the expansion of the macro `panic` (in Nightly builds, run with -Z macro-backtrace for more info)

note: the above error was encountered while instantiating `fn <std::rc::Weak<[u8; 2]> as bytemuck::ReinterpretInner<'_, std::rc::Weak<u16>>>::reinterpret_inner`
 --> tests/ui/reinterpret_inner_rc_weak.rs:5:22
  |
5 |   let _: Weak<u16> = Rc::downgrade(&Rc::new([0u8; 2])).reinterpret_inner();
  |                      ^^^^^^^^^^^^^^^^^^^^^^^^^^^^^^^^^^^^^^^^^^^^^^^^^^^^^

error[E0080]: evaluation of `<bytemuck::cast::RcWeakT as bytemuck::cast::AssertClassContraints<[u16; 2], u32>>::ASSERT` failed
 --> $WORKSPACE/src/cast.rs
  |
  |     const ASSERT: () = assert!(
  |  ______________________^
  | |     Src::ALIGN == Dst::ALIGN,
  | |     "Attempted conversion between `rc::Weak` types with different alignments"
  | |   );
  | |___^ the evaluated program panicked at 'Attempted conversion between `rc::Weak` types with different alignments', $WORKSPACE/src/cast.rs:1319:22
  |
  = note: this error originates in the macro `$crate::panic::panic_2015` which comes from the expansion of the macro `panic` (in Nightly builds, run with -Z macro-backtrace for more info)

error[E0080]: evaluation of `<*const [u16; 2] as bytemuck::cast::CastRaw<*const u32>>::ASSERT` failed
 --> $WORKSPACE/src/cast.rs
  |
  | /     assert!(
  | |       align_of::<Src>() >= align_of::<Dst>(),
  | |       "Attempted conversion to a type with a stricter alignment"
  | |     );
  | |_____^ the evaluated program panicked at 'Attempted conversion to a type with a stricter alignment', $WORKSPACE/src/cast.rs:824:5
  |
  = note: this error originates in the macro `$crate::panic::panic_2015` which comes from the expansion of the macro `panic` (in Nightly builds, run with -Z macro-backtrace for more info)

note: the above error was encountered while instantiating `fn <std::rc::Weak<[u16; 2]> as bytemuck::ReinterpretInner<'_, std::rc::Weak<u32>>>::reinterpret_inner`
 --> tests/ui/reinterpret_inner_rc_weak.rs:6:22
  |
6 |   let _: Weak<u32> = Rc::downgrade(&Rc::new([0u16; 2])).reinterpret_inner();
  |                      ^^^^^^^^^^^^^^^^^^^^^^^^^^^^^^^^^^^^^^^^^^^^^^^^^^^^^^

error[E0080]: evaluation of `<bytemuck::cast::RcWeakT as bytemuck::cast::AssertClassContraints<u64, [u32; 2]>>::ASSERT` failed
 --> $WORKSPACE/src/cast.rs
  |
  |     const ASSERT: () = assert!(
  |  ______________________^
  | |     Src::ALIGN == Dst::ALIGN,
  | |     "Attempted conversion between `rc::Weak` types with different alignments"
  | |   );
  | |___^ the evaluated program panicked at 'Attempted conversion between `rc::Weak` types with different alignments', $WORKSPACE/src/cast.rs:1319:22
  |
  = note: this error originates in the macro `$crate::panic::panic_2015` which comes from the expansion of the macro `panic` (in Nightly builds, run with -Z macro-backtrace for more info)

note: the above error was encountered while instantiating `fn <std::rc::Weak<u64> as bytemuck::ReinterpretInner<'_, std::rc::Weak<[u32; 2]>>>::reinterpret_inner`
 --> tests/ui/reinterpret_inner_rc_weak.rs:7:27
  |
7 |   let _: Weak<[u32; 2]> = Rc::downgrade(&Rc::new(0u64)).reinterpret_inner();
  |                           ^^^^^^^^^^^^^^^^^^^^^^^^^^^^^^^^^^^^^^^^^^^^^^^^^

error[E0080]: evaluation of `<*const u8 as bytemuck::cast::CastRaw<*const [u8; 2]>>::ASSERT` failed
 --> $WORKSPACE/src/cast.rs
  |
  | /     assert!(
  | |       size_of::<Src>() == size_of::<Dst>(),
  | |       "Attempted conversion between types of different sizes."
  | |     );
  | |_____^ the evaluated program panicked at 'Attempted conversion between types of different sizes.', $WORKSPACE/src/cast.rs:820:5
  |
  = note: this error originates in the macro `$crate::panic::panic_2015` which comes from the expansion of the macro `panic` (in Nightly builds, run with -Z macro-backtrace for more info)

note: the above error was encountered while instantiating `fn <std::rc::Weak<u8> as bytemuck::ReinterpretInner<'_, std::rc::Weak<[u8; 2]>>>::reinterpret_inner`
 --> tests/ui/reinterpret_inner_rc_weak.rs:9:26
  |
9 |   let _: Weak<[u8; 2]> = Rc::downgrade(&Rc::new(0u8)).reinterpret_inner();
  |                          ^^^^^^^^^^^^^^^^^^^^^^^^^^^^^^^^^^^^^^^^^^^^^^^^

error[E0080]: evaluation of `<*const u16 as bytemuck::cast::CastRaw<*const [u16; 2]>>::ASSERT` failed
 --> $WORKSPACE/src/cast.rs
  |
  | /     assert!(
  | |       size_of::<Src>() == size_of::<Dst>(),
  | |       "Attempted conversion between types of different sizes."
  | |     );
  | |_____^ the evaluated program panicked at 'Attempted conversion between types of different sizes.', $WORKSPACE/src/cast.rs:820:5
  |
  = note: this error originates in the macro `$crate::panic::panic_2015` which comes from the expansion of the macro `panic` (in Nightly builds, run with -Z macro-backtrace for more info)

note: the above error was encountered while instantiating `fn <std::rc::Weak<u16> as bytemuck::ReinterpretInner<'_, std::rc::Weak<[u16; 2]>>>::reinterpret_inner`
  --> tests/ui/reinterpret_inner_rc_weak.rs:10:27
   |
10 |   let _: Weak<[u16; 2]> = Rc::downgrade(&Rc::new(0u16)).reinterpret_inner();
   |                           ^^^^^^^^^^^^^^^^^^^^^^^^^^^^^^^^^^^^^^^^^^^^^^^^^

error[E0080]: evaluation of `<*const u64 as bytemuck::cast::CastRaw<*const [u64; 2]>>::ASSERT` failed
 --> $WORKSPACE/src/cast.rs
  |
  | /     assert!(
  | |       size_of::<Src>() == size_of::<Dst>(),
  | |       "Attempted conversion between types of different sizes."
  | |     );
  | |_____^ the evaluated program panicked at 'Attempted conversion between types of different sizes.', $WORKSPACE/src/cast.rs:820:5
  |
  = note: this error originates in the macro `$crate::panic::panic_2015` which comes from the expansion of the macro `panic` (in Nightly builds, run with -Z macro-backtrace for more info)

note: the above error was encountered while instantiating `fn <std::rc::Weak<u64> as bytemuck::ReinterpretInner<'_, std::rc::Weak<[u64; 2]>>>::reinterpret_inner`
  --> tests/ui/reinterpret_inner_rc_weak.rs:11:27
   |
11 |   let _: Weak<[u64; 2]> = Rc::downgrade(&Rc::new(0u64)).reinterpret_inner();
   |                           ^^^^^^^^^^^^^^^^^^^^^^^^^^^^^^^^^^^^^^^^^^^^^^^^^
