error[E0080]: evaluation of `<*const [u8; 2] as bytemuck::cast::CastRaw<*const u16>>::ASSERT` failed
 --> $WORKSPACE/src/cast.rs
  |
  | /     assert!(
  | |       align_of::<Src>() >= align_of::<Dst>(),
  | |       "Attempted conversion to a type with a stricter alignment"
  | |     );
  | |_____^ the evaluated program panicked at 'Attempted conversion to a type with a stricter alignment', $WORKSPACE/src/cast.rs:824:5
  |
  = note: this error originates in the macro `$crate::panic::panic_2015` which comes from the expansion of the macro `panic` (in Nightly builds, run with -Z macro-backtrace for more info)

note: the above error was encountered while instantiating `fn <*const [u8; 2] as bytemuck::ReinterpretInner<'_, *const u16>>::reinterpret_inner`
 --> tests/ui/reinterpret_inner_const_ptr.rs:4:23
  |
4 |   let _: *const u16 = (&[0u8; 2] as *const [u8; 2]).reinterpret_inner();
  |                       ^^^^^^^^^^^^^^^^^^^^^^^^^^^^^^^^^^^^^^^^^^^^^^^^^

error[E0080]: evaluation of `<*const [u16; 2] as bytemuck::cast::CastRaw<*const u32>>::ASSERT` failed
 --> $WORKSPACE/src/cast.rs
  |
  | /     assert!(
  | |       align_of::<Src>() >= align_of::<Dst>(),
  | |       "Attempted conversion to a type with a stricter alignment"
  | |     );
  | |_____^ the evaluated program panicked at 'Attempted conversion to a type with a stricter alignment', $WORKSPACE/src/cast.rs:824:5
  |
  = note: this error originates in the macro `$crate::panic::panic_2015` which comes from the expansion of the macro `panic` (in Nightly builds, run with -Z macro-backtrace for more info)

note: the above error was encountered while instantiating `fn <*const [u16; 2] as bytemuck::ReinterpretInner<'_, *const u32>>::reinterpret_inner`
 --> tests/ui/reinterpret_inner_const_ptr.rs:5:23
  |
5 |   let _: *const u32 = (&[0u16; 2] as *const [u16; 2]).reinterpret_inner();
  |                       ^^^^^^^^^^^^^^^^^^^^^^^^^^^^^^^^^^^^^^^^^^^^^^^^^^^

error[E0080]: evaluation of `<*const [u32; 2] as bytemuck::cast::CastRaw<*const u64>>::ASSERT` failed
 --> $WORKSPACE/src/cast.rs
  |
  | /     assert!(
  | |       align_of::<Src>() >= align_of::<Dst>(),
  | |       "Attempted conversion to a type with a stricter alignment"
  | |     );
  | |_____^ the evaluated program panicked at 'Attempted conversion to a type with a stricter alignment', $WORKSPACE/src/cast.rs:824:5
  |
  = note: this error originates in the macro `$crate::panic::panic_2015` which comes from the expansion of the macro `panic` (in Nightly builds, run with -Z macro-backtrace for more info)

note: the above error was encountered while instantiating `fn <*const [u32; 2] as bytemuck::ReinterpretInner<'_, *const u64>>::reinterpret_inner`
 --> tests/ui/reinterpret_inner_const_ptr.rs:6:23
  |
6 |   let _: *const u64 = (&[0u32; 2] as *const [u32; 2]).reinterpret_inner();
  |                       ^^^^^^^^^^^^^^^^^^^^^^^^^^^^^^^^^^^^^^^^^^^^^^^^^^^

error[E0080]: evaluation of `<*const u8 as bytemuck::cast::CastRaw<*const [u8; 2]>>::ASSERT` failed
 --> $WORKSPACE/src/cast.rs
  |
  | /     assert!(
  | |       size_of::<Src>() == size_of::<Dst>(),
  | |       "Attempted conversion between types of different sizes."
  | |     );
  | |_____^ the evaluated program panicked at 'Attempted conversion between types of different sizes.', $WORKSPACE/src/cast.rs:820:5
  |
  = note: this error originates in the macro `$crate::panic::panic_2015` which comes from the expansion of the macro `panic` (in Nightly builds, run with -Z macro-backtrace for more info)

note: the above error was encountered while instantiating `fn <*const u8 as bytemuck::ReinterpretInner<'_, *const [u8; 2]>>::reinterpret_inner`
 --> tests/ui/reinterpret_inner_const_ptr.rs:8:27
  |
8 |   let _: *const [u8; 2] = (&0u8 as *const u8).reinterpret_inner();
  |                           ^^^^^^^^^^^^^^^^^^^^^^^^^^^^^^^^^^^^^^^

error[E0080]: evaluation of `<*const u16 as bytemuck::cast::CastRaw<*const [u16; 2]>>::ASSERT` failed
 --> $WORKSPACE/src/cast.rs
  |
  | /     assert!(
  | |       size_of::<Src>() == size_of::<Dst>(),
  | |       "Attempted conversion between types of different sizes."
  | |     );
  | |_____^ the evaluated program panicked at 'Attempted conversion between types of different sizes.', $WORKSPACE/src/cast.rs:820:5
  |
  = note: this error originates in the macro `$crate::panic::panic_2015` which comes from the expansion of the macro `panic` (in Nightly builds, run with -Z macro-backtrace for more info)

note: the above error was encountered while instantiating `fn <*const u16 as bytemuck::ReinterpretInner<'_, *const [u16; 2]>>::reinterpret_inner`
 --> tests/ui/reinterpret_inner_const_ptr.rs:9:28
  |
9 |   let _: *const [u16; 2] = (&0u16 as *const u16).reinterpret_inner();
  |                            ^^^^^^^^^^^^^^^^^^^^^^^^^^^^^^^^^^^^^^^^^

error[E0080]: evaluation of `<*const u64 as bytemuck::cast::CastRaw<*const [u64; 2]>>::ASSERT` failed
 --> $WORKSPACE/src/cast.rs
  |
  | /     assert!(
  | |       size_of::<Src>() == size_of::<Dst>(),
  | |       "Attempted conversion between types of different sizes."
  | |     );
  | |_____^ the evaluated program panicked at 'Attempted conversion between types of different sizes.', $WORKSPACE/src/cast.rs:820:5
  |
  = note: this error originates in the macro `$crate::panic::panic_2015` which comes from the expansion of the macro `panic` (in Nightly builds, run with -Z macro-backtrace for more info)

note: the above error was encountered while instantiating `fn <*const u64 as bytemuck::ReinterpretInner<'_, *const [u64; 2]>>::reinterpret_inner`
  --> tests/ui/reinterpret_inner_const_ptr.rs:10:28
   |
10 |   let _: *const [u64; 2] = (&0u64 as *const u64).reinterpret_inner();
   |                            ^^^^^^^^^^^^^^^^^^^^^^^^^^^^^^^^^^^^^^^^^
