error[E0080]: evaluation of `<*const u8 as bytemuck::cast::TryCastRaw<*const [u8; 2]>>::ASSERT` failed
 --> $WORKSPACE/src/cast.rs
  |
  |     const ASSERT: () = assert!(
  |  ______________________^
  | |     size_of::<Src>() == size_of::<Dst>(),
  | |     "Attempted conversion between types of different sizes."
  | |   );
  | |___^ the evaluated program panicked at 'Attempted conversion between types of different sizes.', $WORKSPACE/src/cast.rs:1049:22
  |
  = note: this error originates in the macro `$crate::panic::panic_2015` which comes from the expansion of the macro `panic` (in Nightly builds, run with -Z macro-backtrace for more info)

note: the above error was encountered while instantiating `fn <&u8 as bytemuck::TryReinterpretInner<'_, &[u8; 2]>>::try_reinterpret_inner`
 --> tests/ui/try_reinterpret_inner_ref.rs:4:21
  |
4 |   let _: &[u8; 2] = (&0u8).try_reinterpret_inner().unwrap();
  |                     ^^^^^^^^^^^^^^^^^^^^^^^^^^^^^^

error[E0080]: evaluation of `<*const u16 as bytemuck::cast::TryCastRaw<*const [u16; 2]>>::ASSERT` failed
 --> $WORKSPACE/src/cast.rs
  |
  |     const ASSERT: () = assert!(
  |  ______________________^
  | |     size_of::<Src>() == size_of::<Dst>(),
  | |     "Attempted conversion between types of different sizes."
  | |   );
  | |___^ the evaluated program panicked at 'Attempted conversion between types of different sizes.', $WORKSPACE/src/cast.rs:1049:22
  |
  = note: this error originates in the macro `$crate::panic::panic_2015` which comes from the expansion of the macro `panic` (in Nightly builds, run with -Z macro-backtrace for more info)

note: the above error was encountered while instantiating `fn <&u16 as bytemuck::TryReinterpretInner<'_, &[u16; 2]>>::try_reinterpret_inner`
 --> tests/ui/try_reinterpret_inner_ref.rs:5:22
  |
5 |   let _: &[u16; 2] = (&0u16).try_reinterpret_inner().unwrap();
  |                      ^^^^^^^^^^^^^^^^^^^^^^^^^^^^^^^

error[E0080]: evaluation of `<*const u64 as bytemuck::cast::TryCastRaw<*const [u64; 2]>>::ASSERT` failed
 --> $WORKSPACE/src/cast.rs
  |
  |     const ASSERT: () = assert!(
  |  ______________________^
  | |     size_of::<Src>() == size_of::<Dst>(),
  | |     "Attempted conversion between types of different sizes."
  | |   );
  | |___^ the evaluated program panicked at 'Attempted conversion between types of different sizes.', $WORKSPACE/src/cast.rs:1049:22
  |
  = note: this error originates in the macro `$crate::panic::panic_2015` which comes from the expansion of the macro `panic` (in Nightly builds, run with -Z macro-backtrace for more info)

note: the above error was encountered while instantiating `fn <&u64 as bytemuck::TryReinterpretInner<'_, &[u64; 2]>>::try_reinterpret_inner`
 --> tests/ui/try_reinterpret_inner_ref.rs:6:22
  |
6 |   let _: &[u64; 2] = (&0u64).try_reinterpret_inner().unwrap();
  |                      ^^^^^^^^^^^^^^^^^^^^^^^^^^^^^^^

error[E0080]: evaluation of `<bytemuck::cast::RawSlice<u8> as bytemuck::cast::TryCastRaw<bytemuck::cast::RawSlice<()>>>::ASSERT` failed
 --> $WORKSPACE/src/cast.rs
  |
  |     const ASSERT: () = assert!(
  |  ______________________^
  | |     (size_of::<Dst>() == 0) == (size_of::<Src>() == 0),
  | |     "Attempted conversion between a zero-sized type and a non-zero-sized type"
  | |   );
  | |___^ the evaluated program panicked at 'Attempted conversion between a zero-sized type and a non-zero-sized type', $WORKSPACE/src/cast.rs:1082:22
  |
  = note: this error originates in the macro `$crate::panic::panic_2015` which comes from the expansion of the macro `panic` (in Nightly builds, run with -Z macro-backtrace for more info)

note: the above error was encountered while instantiating `fn <&[u8] as bytemuck::TryReinterpretInner<'_, &[()]>>::try_reinterpret_inner`
 --> tests/ui/try_reinterpret_inner_ref.rs:7:18
  |
7 |   let _: &[()] = [0u8; 1].as_slice().try_reinterpret_inner().unwrap();
  |                  ^^^^^^^^^^^^^^^^^^^^^^^^^^^^^^^^^^^^^^^^^^^
